// Jest Snapshot v1, https://goo.gl/fbAQLP

exports[`DiffExprManager regression test -- diff exp would not reload after \`go back\` was hit and a new cluster selected if we then go back and change the parameters again, the new differential expression data should be loading 1`] = `
Object {
  "payload": Object {
    "experimentId": "1234",
  },
  "type": "diffExpr/loading",
}
`;

exports[`DiffExprManager regression test -- diff exp would not reload after \`go back\` was hit and a new cluster selected if we then go back and change the parameters again, the new differential expression data should be loading 2`] = `
Object {
  "payload": Object {
    "cellSets": Object {
      "basis": "louvain/cluster-a;",
      "cellSet": "condition/condition-treated",
      "compareWith": "condition/condition-control",
    },
    "comparisonType": "between",
    "data": Array [
      Object {
        "gene_names": "A",
        "avg_log2FC": -1.4274754343649423,
        "p_val": 1.4969461240347763e-12,
        "p_val_adj": 1.647289002209057e-11,
      },
      Object {
        "gene_names": "B",
        "avg_log2FC": -2.4274754343649425,
        "p_val": 2.4969461240347763e-12,
        "p_val_adj": 2.647289002209057e-11,
      },
      Object {
        "gene_names": "C",
        "avg_log2FC": -3.4274754343649425,
        "p_val": 3.4969461240347765e-12,
        "p_val_adj": 3.647289002209057e-11,
      },
      Object {
        "gene_names": "D",
        "avg_log2FC": -4.4274754343649425,
        "p_val": 4.496946124034777e-12,
        "p_val_adj": 4.647289002209057e-11,
      },
      Object {
        "gene_names": "E",
        "avg_log2FC": -5.4274754343649425,
        "p_val": 5.4969461240347765e-12,
        "p_val_adj": 5.647289002209057e-11,
      },
    ],
    "experimentId": "1234",
    "total": 500,
  },
  "type": "diffExpr/loaded",
}
`;

exports[`DiffExprManager regression test -- diff exp would not reload after \`go back\` was hit and a new cluster selected if we then go back and change the parameters again, the new differential expression data should be loading 3`] = `
Object {
  "payload": Object {
    "experimentId": "1234",
  },
  "type": "diffExpr/loading",
}
`;

exports[`DiffExprManager regression test -- diff exp would not reload after \`go back\` was hit and a new cluster selected if we then go back and change the parameters again, the new differential expression data should be loading 4`] = `
Object {
  "payload": Object {
    "cellSets": Object {
      "basis": "louvain/cluster-a;",
      "cellSet": "condition/condition-treated",
      "compareWith": "condition/condition-control",
    },
    "comparisonType": "between",
    "data": Array [
      Object {
        "gene_names": "A",
        "avg_log2FC": -1.4274754343649423,
        "p_val": 1.4969461240347763e-12,
        "p_val_adj": 1.647289002209057e-11,
      },
      Object {
        "gene_names": "B",
        "avg_log2FC": -2.4274754343649425,
        "p_val": 2.4969461240347763e-12,
        "p_val_adj": 2.647289002209057e-11,
      },
      Object {
        "gene_names": "C",
        "avg_log2FC": -3.4274754343649425,
        "p_val": 3.4969461240347765e-12,
        "p_val_adj": 3.647289002209057e-11,
      },
      Object {
        "gene_names": "D",
        "avg_log2FC": -4.4274754343649425,
        "p_val": 4.496946124034777e-12,
        "p_val_adj": 4.647289002209057e-11,
      },
      Object {
        "gene_names": "E",
        "avg_log2FC": -5.4274754343649425,
        "p_val": 5.4969461240347765e-12,
        "p_val_adj": 5.647289002209057e-11,
      },
    ],
    "experimentId": "1234",
    "total": 500,
  },
  "type": "diffExpr/loaded",
}
`;

exports[`DiffExprManager regression test -- diff exp would not reload after \`go back\` was hit and a new cluster selected on click of compute with changed parameters, DiffExprManager calls the results view and dispatches the appropriate actions 1`] = `
Object {
  "payload": Object {
    "experimentId": "1234",
  },
  "type": "diffExpr/loading",
}
`;

exports[`DiffExprManager regression test -- diff exp would not reload after \`go back\` was hit and a new cluster selected on click of compute with changed parameters, DiffExprManager calls the results view and dispatches the appropriate actions 2`] = `
Object {
  "payload": Object {
    "cellSets": Object {
      "basis": "louvain/cluster-a;",
      "cellSet": "condition/condition-treated",
      "compareWith": "condition/condition-control",
    },
    "comparisonType": "between",
    "data": Array [
      Object {
        "gene_names": "A",
        "avg_log2FC": -1.4274754343649423,
        "p_val": 1.4969461240347763e-12,
        "p_val_adj": 1.647289002209057e-11,
      },
      Object {
        "gene_names": "B",
        "avg_log2FC": -2.4274754343649425,
        "p_val": 2.4969461240347763e-12,
        "p_val_adj": 2.647289002209057e-11,
      },
      Object {
        "gene_names": "C",
        "avg_log2FC": -3.4274754343649425,
        "p_val": 3.4969461240347765e-12,
        "p_val_adj": 3.647289002209057e-11,
      },
      Object {
        "gene_names": "D",
        "avg_log2FC": -4.4274754343649425,
        "p_val": 4.496946124034777e-12,
        "p_val_adj": 4.647289002209057e-11,
      },
      Object {
        "gene_names": "E",
        "avg_log2FC": -5.4274754343649425,
        "p_val": 5.4969461240347765e-12,
        "p_val_adj": 5.647289002209057e-11,
      },
    ],
    "experimentId": "1234",
    "total": 500,
  },
  "type": "diffExpr/loaded",
}
`;
