// Jest Snapshot v1, https://goo.gl/fbAQLP

exports[`updateCellSetSelected action Dispatches an action to update property to the reducer 1`] = `
Object {
  "payload": Object {
    "experimentId": "1234",
    "keys": Array [
      1,
      3,
      4,
      5,
    ],
  },
  "type": "cellSets/setSelected",
}
`;
