// Jest Snapshot v1, https://goo.gl/fbAQLP

exports[`updateCellSetHierarchy action Dispatches an action to update hierarchy to the reducer 1`] = `
Object {
  "payload": Object {
    "experimentId": "1234",
    "hierarchy": Array [],
  },
  "type": "cellSets/updateHierarchy",
}
`;

exports[`updateCellSetHierarchy action Last action dispatches cellSetSave event 1`] = `
Object {
  "payload": Object {
    "experimentId": "1234",
    "hierarchy": Array [],
  },
  "type": "cellSets/updateHierarchy",
}
`;
