// Jest Snapshot v1, https://goo.gl/fbAQLP

exports[`HeatmapExpressionValuesSettings choosing another setting will trigger the appropriate action 1`] = `
Object {
  "payload": Object {
    "expressionType": "zScore",
  },
  "type": "genes/expressionTypeUpdate",
}
`;
