// Jest Snapshot v1, https://goo.gl/fbAQLP

exports[`loadPlotConfig Config loaded 1`] = `
Object {
  "embeddingCategoricalMain": Object {
    "experimentId": "1234",
    "outstandingChanges": false,
  },
}
`;
