// Jest Snapshot v1, https://goo.gl/fbAQLP

exports[`updateConfig Checking if fields changed 1`] = `[Function]`;
