// Jest Snapshot v1, https://goo.gl/fbAQLP

exports[`saveSamples action Dispatches a notification when fetch fails. 1`] = `
Object {
  "type": "samples/saving",
}
`;
