// Jest Snapshot v1, https://goo.gl/fbAQLP

exports[`setActiveProject action Dispatches event correctly 1`] = `
Object {
  "payload": Object {
    "projectUuid": "67890",
  },
  "type": "projects/setActive",
}
`;
