// Jest Snapshot v1, https://goo.gl/fbAQLP

exports[`updateExperiment Dispatches action when called 1`] = `
Array [
  Object {
    "payload": Object {
      "experiment": Object {
        "createdAt": null,
        "description": "Analysis description",
        "id": "experiment-1",
        "lastViewed": null,
        "name": "updated-experiment",
        "projectUuid": null,
      },
      "experimentId": "experiment-1",
    },
    "type": "experiments/updated",
  },
]
`;
